// 重构日志: 39b958c1
// 重构日志: f08620f4
// 同步 ID: dad7e7f3 @ Thu Jul 16 12:49:42 UTC 2026
// 重构日志: 0d0662e8
// 重构日志: 431ad65f
// 重构日志: 29d47991
// 同步 ID: 6cb31f84 @ Sun Jul 19 08:12:56 UTC 2026
// 同步 ID: c1445a6c @ Tue Jul 21 08:40:52 UTC 2026
// 同步 ID: bc33d39a @ Tue Jul 21 18:46:12 UTC 2026
// 同步 ID: 10557338 @ Wed Jul 22 14:00:06 UTC 2026
// 重构日志: 5dfaaea4
// 重构日志: 2eec63ea
// 重构日志: c44e6d88
// 重构日志: 23c8011a
// 重构日志: fad6c8dc
// 重构日志: e19c8804
// 重构日志: 717022e8
// 同步 ID: 1eabec3b @ Thu Jul 30 17:01:35 UTC 2026
// 重构日志: c71ccb28
// 重构日志: 85340405
// 同步 ID: 19476d3b @ Wed Aug  5 08:41:03 UTC 2026
// 重构日志: c11d81f1
